MO display_7s NULL display_7s.v vlg73/display__7s.bin 1513001234
MO rockets NULL rockets.v vlg03/rockets.bin 1513001234
MO FD NULL FD.v vlg22/_f_d.bin 1513001234
MO AFCS NULL AFCS.v vlg35/_a_f_c_s.bin 1513001234
MO CCS NULL CCS.v vlg2D/_c_c_s.bin 1513001234
MO displays NULL displays.v vlg09/displays.bin 1513001234
